queue,defaultInterpreter,stage,checkStage,WORKDIR,root,group,tmp,resDir,toolDir,projectDir,fvdProjectDir,beagleVersion,beagleJarVersion,shapeitVersion,intervaltreeVersion,pyvcfVersion,samtoolsVersion,bedtoolsVersion,pythonVersion,biopythonVersion,ngsutilsVersion,zlibVersion,GCCversion,bzip2Version,GLibVersion,vcftoolsVersion,RVersion,phaserVersion,tabixVersion,referenceFastaName,genomeBuild,onekgGenomeFasta,geneticMapDir,geneticMapChrPrefix,geneticMapChrPostfix,OneKgPhase3VCF,genotypedChrVcfGLDir,genotypedChrVcfGL,genotypedChrVcfTbi,beagleDir,genotypedChrVcfBeagleGenotypeProbabilities,genotypedChrVcfShapeitInputPrefix,genotypedChrVcfShapeitInputPostfix,shapeitDir,phasedScaffoldDir,shapeitPhasedOutputPrefix,shapeitLigatedHaplotypeDir,shapeitLigatedHaplotype,scaffoldedSamples,shapeitPhasedOutputPostfix,mapq,baseq,phaserDir,comparisonFileDir
leftover,#!/bin/bash,module load,module list,/groups/,${WORKDIR},umcg-bios,tmp04,/groups/umcg-wijmenga/tmp04/resources/,/apps/software/,/groups/umcg-bios/tmp04/projects/lld_gvcfs/phasing/shaping_test/results/,${root}/${group}/${tmp}/projects/umcg-fvandijk/projects/,09Feb16.2b7-Java-1.8.0_45,09Feb16.2b7,v2.r837-static,2.1.0-foss-2015b-Python-2.7.9,0.6.7-foss-2015b-Python-2.7.9,1.2-foss-2015b,2.23.0-foss-2015b,3.4.1-foss-2015b,1.65-foss-2015b-Python-3.4.1,16.06.1,1.2.8,4.9.3-binutils-2.25,1.0.6-foss-2015b,2.45.2-foss-2015b,0.1.12b-goolf-1.7.20-Perl-5.20.2-bare,3.2.1-foss-2015b,f085550,0.2.6-goolf-1.7.20,human_g1k_v37,b37,${resDir}/${genomeBuild}/indices/${referenceFastaName}.fasta,/apps/data/www.shapeit.fr/genetic_map_b37/,${geneticMapDir}/genetic_map_chr,_combined_b37.txt,/apps/data/1000G/release/20130502//ALL.wgs.phase3_shapeit2_mvncall_integrated_v5b.20130502.sites.vcf.gz,${projectDir}/genotypeVcfGL/,${genotypedChrVcfGLDir}/${project}.chr${CHR}.genotypeGVCF.gg.vcf.gz,${genotypedChrVcfGL}.tbi,${projectDir}/beagle/,${beagleDir}/${project}.chr${CHR}.beagle.genotype.probs.gg,${beagleDir}/${project}.chr,.beagle.genotype.probs.gg,${projectDir}/shapeit/,/groups/umcg-lld/tmp04/projects/genotypingRelease3/selectionLldeep/lldeepPhased/,${shapeitDir}/${project}.chr,${projectDir}/shapeitLigatedHaplotypes/,${shapeitLigatedHaplotypeDir}/chr${CHR}.ligatedHaplotype.hap,${shapeitLigatedHaplotypeDir}/scaffolded_samples_chr${CHR}.txt,.shapeit.phased,0,0,${projectDir}/phASER,${fvdProjectDir}RNA-seq_rare_variants/comparison_files/
